// Jest Snapshot v1, https://goo.gl/fbAQLP

exports[`Counter Component Debe hacer un match con el snapshot 1`] = `
<h2>Counter Custom</h2>
<p>4 <sup>2</sup> = 16</p>
<button>+1</button>
<button>-1</button>
`;
